// Jest Snapshot v1, https://goo.gl/fbAQLP

exports[`test calculator and correct rendering of the Home page Home page is rendered correctly 1`] = `
<div
  className="description"
>
  <h2>
    Welcome to the Math Magicians App
  </h2>
  <p>
    Calculator provides simple and advanced mathematical functions in a beautifully designed app. Perform basic calculations such as addition, subtraction, multiplication, and division Do scientific operations such as trigonometric, logarithmic, and exponential functions
  </p>
</div>
`;
