// Jest Snapshot v1, https://goo.gl/fbAQLP

exports[`Navbar snapshot test 1`] = `
<nav
  className="navBar"
>
  <ul
    className="nav-list"
  >
    <li
      className="nav-links"
    >
      <a
        aria-current="page"
        className="active-link"
        href="#/"
        onClick={[Function]}
        style={Object {}}
      >
        Math Magicians
      </a>
    </li>
    <li
      className="nav-links"
    >
      <a
        aria-current="page"
        className="active-link"
        href="#/"
        onClick={[Function]}
        style={Object {}}
      >
        Home
      </a>
    </li>
    <li
      className="nav-links"
    >
      <a
        aria-current={null}
        href="#/calculator"
        onClick={[Function]}
      >
        Calculator
      </a>
    </li>
    <li
      className="nav-links"
    >
      <a
        aria-current={null}
        href="#/quotes"
        onClick={[Function]}
      >
        Quotes
      </a>
    </li>
  </ul>
</nav>
`;
